<?xml version="1.0" encoding="utf-8"?><testsuites><testsuite name="pytest" errors="0" failures="0" skipped="0" tests="2" time="4.274" timestamp="2026-07-05T18:12:50.902081+05:30" hostname="orion"><testcase classname="tests.api.health_check_test.TestSauceDemoAvailability" name="test_site_returns_200" time="0.197" /><testcase classname="tests.api.health_check_test.TestSauceDemoAvailability" name="test_response_contains_expected_title" time="0.070" /></testsuite></testsuites>